malloc(0x591)
malloc(0x4b)
malloc(0x28)
malloc(0x14a0)
malloc(0x20)
malloc(0x49a)
malloc(0x20)
malloc(0x28)
malloc(0x38)
malloc(0x90)
malloc(0x270)
malloc(0x90)
malloc(0x410)
malloc(0x110)
malloc(0x600000)
malloc(0x600000)
  returns 0x7f7dbc274010
malloc(0x600000)
  returns 0x7f7dbbc73010
malloc(0x600000)
  returns 0x7f7dbac71010
malloc(0x1400)
  returns 0x1f30010
malloc(0x13f0)
  returns 0x1f31420
malloc(0xd9d8)
  returns 0x1f32820
malloc(0x1e8480)
  returns 0x7f7dba921010
malloc(0x1e8508)
  returns 0x7f7dba738010
malloc(0x40004)
  returns 0x7f7dba6f7010
free(0x7f7dba921010)
free(0x7f7dba738010)
free(0x7f7dba6f7010)
free(0x1f32820)
free(0x1f31420)
malloc(0x13f0)
  returns 0x1f31420
malloc(0xfa90)
  returns 0x1f32820
malloc(0x1e8480)
  returns 0x1f422c0
free(0x1f422c0)
free(0x1f32820)
free(0x1f31420)
malloc(0x13f0)
  returns 0x1f31420
malloc(0xd9d8)
  returns 0x1f32820
malloc(0x2ab980)
  returns 0x7f7db93fb010
malloc(0x2aba08)
  returns 0x7f7db914f010
malloc(0x40004)
  returns 0x1f40200
free(0x7f7db93fb010)
free(0x7f7db914f010)
free(0x1f40200)
free(0x1f32820)
free(0x1f31420)
malloc(0x13f0)
  returns 0x1f31420
malloc(0xfa90)
  returns 0x1f32820
malloc(0x2ab980)
  returns 0x1f422c0
free(0x1f422c0)
free(0x1f32820)
free(0x1f31420)
malloc(0x13f0)
  returns 0x1f31420
malloc(0xd9d8)
  returns 0x1f32820
malloc(0x36ee80)
  returns 0x7f7db9338010
malloc(0x36ef08)
  returns 0x7f7db8fc9010
malloc(0x40004)
  returns 0x1f40200
free(0x7f7db9338010)
free(0x7f7db8fc9010)
free(0x1f40200)
free(0x1f32820)
free(0x1f31420)
malloc(0x13f0)
  returns 0x1f31420
malloc(0xfa90)
  returns 0x1f32820
malloc(0x36ee80)
  returns 0x1f422c0
free(0x1f422c0)
free(0x1f32820)
free(0x1f31420)
