0x4103ee: R 0x7fff53261b50
0x4103fe: R 0x7fff53261b98
0x410408: R 0x7f7dba96c9f0
0x41040b: W 0x7fff53261b3e
0x410412: R 0x7fff53261b3e
0x410421: R 0x7fff53261ba8
0x410428: R 0x1f3d5c8
0x41042c: R 0x7fff53261b3e
0x410433: R 0x7fff53261ba0
0x41043a: R 0x1f3c080
0x410440: R 0x7fff53261b28
0x41044c: W 0x7fff53261b18
0x40b34d: W 0x7fff53261b10
0x40b351: W 0x7fff53261b08
0x40b355: W 0x7fff53261b04
0x40b358: W 0x7fff53261b00
0x40b3c1: R 0x7fff53261b08
0x40b3c5: R 0x1f32aa4
0x40b35d: R 0x7fff53261b08
0x40b361: R 0x1f32870
0x40b365: R 0x7fff53261b08
0x40b369: R 0x1f32894
0x40b371: R 0x7fff53261b08
0x40b375: R 0x1f32aa0
0x40b37e: W 0x7f7dba7c4812
0x40b380: R 0x7fff53261b08
0x40b384: R 0x1f32894
0x40b38a: R 0x7fff53261b08
0x40b38e: W 0x1f32894
0x40b391: R 0x7fff53261b08
0x40b395: R 0x1f32aa0
0x40b3a0: R 0x7fff53261b08
0x40b3a4: W 0x1f32aa0
0x40b3aa: R 0x7fff53261b08
0x40b3ae: R 0x1f32aa4
0x40b3b7: R 0x7fff53261b08
0x40b3bb: W 0x1f32aa4
0x40b3c1: R 0x7fff53261b08
0x40b3c5: R 0x1f32aa4
0x40b3d0: R 0x7fff53261b08
0x40b3d4: R 0x1f32aa0
0x40b3da: R 0x7fff53261b08
0x40b3de: R 0x1f32aa4
0x40b3ed: R 0x7fff53261b04
0x40b3f0: R 0x7fff53261b00
0x40b3fb: R 0x7fff53261b08
0x40b3ff: W 0x1f32aa0
0x40b405: R 0x7fff53261b08
0x40b409: R 0x1f32aa4
0x40b40f: R 0x7fff53261b04
0x40b414: R 0x7fff53261b08
0x40b418: W 0x1f32aa4
0x40b41e: R 0x7fff53261b10
0x40b41f: R 0x7fff53261b18
